###############################################################################
#
# IAR ELF Linker V8.22.2.15995/W32 for ARM                24/Feb/2020  19:34:56
# Copyright 2007-2018 IAR Systems AB.
#
#    Output file  =  
#        G:\stm32\myCode\f411Disc\projectAcleroGyroMag\EWARM\projectAcleroGyroMag\Exe\projectAcleroGyroMag.out
#    Map file     =  
#        G:\stm32\myCode\f411Disc\projectAcleroGyroMag\EWARM\projectAcleroGyroMag\List\projectAcleroGyroMag.map
#    Command line =  
#        -f C:\Users\Admin\AppData\Local\Temp\EW4EC7.tmp
#        (G:\stm32\myCode\f411Disc\projectAcleroGyroMag\EWARM\projectAcleroGyroMag\Obj\accelero.o
#        G:\stm32\myCode\f411Disc\projectAcleroGyroMag\EWARM\projectAcleroGyroMag\Obj\cmsis_os2.o
#        G:\stm32\myCode\f411Disc\projectAcleroGyroMag\EWARM\projectAcleroGyroMag\Obj\croutine.o
#        G:\stm32\myCode\f411Disc\projectAcleroGyroMag\EWARM\projectAcleroGyroMag\Obj\event_groups.o
#        G:\stm32\myCode\f411Disc\projectAcleroGyroMag\EWARM\projectAcleroGyroMag\Obj\freertos.o
#        G:\stm32\myCode\f411Disc\projectAcleroGyroMag\EWARM\projectAcleroGyroMag\Obj\function.o
#        G:\stm32\myCode\f411Disc\projectAcleroGyroMag\EWARM\projectAcleroGyroMag\Obj\heap_4.o
#        G:\stm32\myCode\f411Disc\projectAcleroGyroMag\EWARM\projectAcleroGyroMag\Obj\lcd_i2cModule.o
#        G:\stm32\myCode\f411Disc\projectAcleroGyroMag\EWARM\projectAcleroGyroMag\Obj\lcdI2c.o
#        G:\stm32\myCode\f411Disc\projectAcleroGyroMag\EWARM\projectAcleroGyroMag\Obj\list.o
#        G:\stm32\myCode\f411Disc\projectAcleroGyroMag\EWARM\projectAcleroGyroMag\Obj\lsm303dlhc.o
#        G:\stm32\myCode\f411Disc\projectAcleroGyroMag\EWARM\projectAcleroGyroMag\Obj\main.o
#        G:\stm32\myCode\f411Disc\projectAcleroGyroMag\EWARM\projectAcleroGyroMag\Obj\port.o
#        G:\stm32\myCode\f411Disc\projectAcleroGyroMag\EWARM\projectAcleroGyroMag\Obj\portasm.o
#        G:\stm32\myCode\f411Disc\projectAcleroGyroMag\EWARM\projectAcleroGyroMag\Obj\queue.o
#        G:\stm32\myCode\f411Disc\projectAcleroGyroMag\EWARM\projectAcleroGyroMag\Obj\startup_stm32f411xe.o
#        G:\stm32\myCode\f411Disc\projectAcleroGyroMag\EWARM\projectAcleroGyroMag\Obj\stm32f411e_discovery_accelerometer.o
#        G:\stm32\myCode\f411Disc\projectAcleroGyroMag\EWARM\projectAcleroGyroMag\Obj\stm32f4xx_hal.o
#        G:\stm32\myCode\f411Disc\projectAcleroGyroMag\EWARM\projectAcleroGyroMag\Obj\stm32f4xx_hal_cortex.o
#        G:\stm32\myCode\f411Disc\projectAcleroGyroMag\EWARM\projectAcleroGyroMag\Obj\stm32f4xx_hal_dma.o
#        G:\stm32\myCode\f411Disc\projectAcleroGyroMag\EWARM\projectAcleroGyroMag\Obj\stm32f4xx_hal_dma_ex.o
#        G:\stm32\myCode\f411Disc\projectAcleroGyroMag\EWARM\projectAcleroGyroMag\Obj\stm32f4xx_hal_exti.o
#        G:\stm32\myCode\f411Disc\projectAcleroGyroMag\EWARM\projectAcleroGyroMag\Obj\stm32f4xx_hal_flash.o
#        G:\stm32\myCode\f411Disc\projectAcleroGyroMag\EWARM\projectAcleroGyroMag\Obj\stm32f4xx_hal_flash_ex.o
#        G:\stm32\myCode\f411Disc\projectAcleroGyroMag\EWARM\projectAcleroGyroMag\Obj\stm32f4xx_hal_flash_ramfunc.o
#        G:\stm32\myCode\f411Disc\projectAcleroGyroMag\EWARM\projectAcleroGyroMag\Obj\stm32f4xx_hal_gpio.o
#        G:\stm32\myCode\f411Disc\projectAcleroGyroMag\EWARM\projectAcleroGyroMag\Obj\stm32f4xx_hal_i2c.o
#        G:\stm32\myCode\f411Disc\projectAcleroGyroMag\EWARM\projectAcleroGyroMag\Obj\stm32f4xx_hal_i2c_ex.o
#        G:\stm32\myCode\f411Disc\projectAcleroGyroMag\EWARM\projectAcleroGyroMag\Obj\stm32f4xx_hal_msp.o
#        G:\stm32\myCode\f411Disc\projectAcleroGyroMag\EWARM\projectAcleroGyroMag\Obj\stm32f4xx_hal_pwr.o
#        G:\stm32\myCode\f411Disc\projectAcleroGyroMag\EWARM\projectAcleroGyroMag\Obj\stm32f4xx_hal_pwr_ex.o
#        G:\stm32\myCode\f411Disc\projectAcleroGyroMag\EWARM\projectAcleroGyroMag\Obj\stm32f4xx_hal_rcc.o
#        G:\stm32\myCode\f411Disc\projectAcleroGyroMag\EWARM\projectAcleroGyroMag\Obj\stm32f4xx_hal_rcc_ex.o
#        G:\stm32\myCode\f411Disc\projectAcleroGyroMag\EWARM\projectAcleroGyroMag\Obj\stm32f4xx_hal_tim.o
#        G:\stm32\myCode\f411Disc\projectAcleroGyroMag\EWARM\projectAcleroGyroMag\Obj\stm32f4xx_hal_tim_ex.o
#        G:\stm32\myCode\f411Disc\projectAcleroGyroMag\EWARM\projectAcleroGyroMag\Obj\stm32f4xx_hal_uart.o
#        G:\stm32\myCode\f411Disc\projectAcleroGyroMag\EWARM\projectAcleroGyroMag\Obj\stm32f4xx_it.o
#        G:\stm32\myCode\f411Disc\projectAcleroGyroMag\EWARM\projectAcleroGyroMag\Obj\stream_buffer.o
#        G:\stm32\myCode\f411Disc\projectAcleroGyroMag\EWARM\projectAcleroGyroMag\Obj\system_stm32f4xx.o
#        G:\stm32\myCode\f411Disc\projectAcleroGyroMag\EWARM\projectAcleroGyroMag\Obj\tasks.o
#        G:\stm32\myCode\f411Disc\projectAcleroGyroMag\EWARM\projectAcleroGyroMag\Obj\timers.o
#        G:\stm32\myCode\f411Disc\projectAcleroGyroMag\EWARM\projectAcleroGyroMag\Obj\ultraSonic.o
#        --redirect _Printf=_PrintfFull --redirect _Scanf=_ScanfFull -o
#        G:\stm32\myCode\f411Disc\projectAcleroGyroMag\EWARM\projectAcleroGyroMag\Exe\projectAcleroGyroMag.out
#        --map
#        G:\stm32\myCode\f411Disc\projectAcleroGyroMag\EWARM\projectAcleroGyroMag\List\projectAcleroGyroMag.map
#        --config
#        G:\stm32\myCode\f411Disc\projectAcleroGyroMag\EWARM/stm32f411xe_flash.icf
#        --semihosting --entry __iar_program_start --vfe --text_out locale)
#
###############################################################################

*******************************************************************************
*** RUNTIME MODEL ATTRIBUTES
***

CppFlavor       = *
__SystemLibrary = DLib
__dlib_version  = 6


*******************************************************************************
*** HEAP SELECTION
***

The basic heap was selected because no calls to memory allocation
functions were found in the application outside of system library
functions, and there are calls to deallocation functions in the
application.


*******************************************************************************
*** PLACEMENT SUMMARY
***

"A0":  place at 0x08000000 { ro section .intvec };
"P1":  place in [from 0x08000000 to 0x0807ffff] { ro };
define block CSTACK with size = 1K, alignment = 8 { };
define block HEAP with size = 512, alignment = 8 { };
"P2":  place in [from 0x20000000 to 0x2001ffff] {
          rw, block CSTACK, block HEAP };
initialize by copy { rw };

  Section            Kind        Address    Size  Object
  -------            ----        -------    ----  ------
"A0":                                      0x198
  .intvec            ro code  0x08000000   0x198  startup_stm32f411xe.o [1]
                            - 0x08000198   0x198

"P1":                                     0x5275
  .text              ro code  0x08000198   0xf96  xprintffull.o [3]
  .text              ro code  0x0800112e    0x1e  xencoding_8859_1.o [3]
  .text              ro code  0x0800114c    0x74  xlocale_c.o [3]
  .text              ro code  0x080011c0    0x16  strchr.o [5]
  .text              ro code  0x080011d6     0xa  xsprout.o [3]
  .text              ro code  0x080011e0    0x40  xfail_s.o [3]
  .text              ro code  0x08001220    0x36  strlen.o [5]
  .text              ro code  0x08001258    0x58  memchr.o [5]
  .text              ro code  0x080012b0     0xa  xmbcurmax.o [3]
  .text              ro code  0x080012bc    0xa6  ABImemcpy.o [5]
  .text              ro code  0x08001364   0x22e  I64DivMod.o [5]
  .text              ro code  0x08001594   0x1a2  DblMul.o [4]
  .text              ro code  0x08001738    0x70  frexp.o [4]
  .text              ro code  0x080017a8    0x2e  DblCmpLe.o [4]
  .text              ro code  0x080017d8    0x2e  DblCmpGe.o [4]
  .text              ro code  0x08001808   0x13a  ldexp.o [4]
  .text              ro code  0x08001944    0x3a  DblToS32.o [4]
  .text              ro code  0x08001980    0x22  S32ToDbl.o [4]
  .text              ro code  0x080019a4    0xe2  DblSub.o [4]
  .text              ro code  0x08001a88   0x246  DblDiv.o [4]
  .text              ro code  0x08001cd0    0x28  DblToU32.o [4]
  .text              ro code  0x08001cf8    0x1a  U32ToDbl.o [4]
  .text              ro code  0x08001d12     0x6  abort.o [3]
  .text              ro code  0x08001d18     0x2  I64DivZer.o [5]
  .text              ro code  0x08001d1c   0x168  DblAdd.o [4]
  .text              ro code  0x08001e84    0x14  exit.o [6]
  .text              ro code  0x08001e98   0x750  tasks.o [1]
  .text              ro code  0x080025e8   0x1b4  heap_4.o [1]
  .text              ro code  0x0800279c    0x3a  ABImemset48.o [5]
  .text              ro code  0x080027d6    0x90  list.o [1]
  .text              ro code  0x08002868   0x204  port.o [1]
  .text              ro code  0x08002a6c   0x1ac  cmsis_os2.o [1]
  .text              ro code  0x08002c18   0x33c  timers.o [1]
  CODE               ro code  0x08002f54    0xb0  portasm.o [1]
  .text              ro code  0x08003004   0x588  queue.o [1]
  .text              ro code  0x0800358c   0x620  stm32f4xx_hal_i2c.o [1]
  .text              ro code  0x08003bac   0x1d4  stm32f4xx_hal_msp.o [1]
  .text              ro code  0x08003d80   0x1a0  stm32f4xx_hal_rcc.o [1]
  .text              ro code  0x08003f20     0xc  stm32f4xx_hal.o [1]
  .text              ro code  0x08003f2c    0xb0  stm32f4xx_hal_cortex.o [1]
  .text              ro code  0x08003fdc     0x6  ABImemclr4.o [5]
  .text              ro code  0x08003fe4   0x1f0  stm32f4xx_hal_gpio.o [1]
  .text              ro code  0x080041d4    0x40  stm32f4xx_hal.o [1]
  .text              ro code  0x08004214    0x18  accelero.o [1]
  .text              ro code  0x0800422c   0x350  main.o [1]
  .text              ro code  0x0800457c    0x34  stm32f4xx_hal.o [1]
  .text              ro code  0x080045b0   0x312  stm32f4xx_hal_uart.o [1]
  .text              ro code  0x080048c4    0x80  lcdI2c.o [1]
  .text              ro code  0x08004944   0x128  ultraSonic.o [1]
  .text              ro code  0x08004a6c   0x2f0  stm32f4xx_hal_rcc.o [1]
  .text              ro code  0x08004d5c   0x204  lcd_i2cModule.o [1]
  .text              ro code  0x08004f60    0x28  stm32f4xx_hal.o [1]
  .text              ro code  0x08004f88    0x40  sprintf.o [3]
  .text              ro code  0x08004fc8    0xfc  stm32f4xx_hal_tim.o [1]
  .text              ro code  0x080050c4    0x60  system_stm32f4xx.o [1]
  .text              ro code  0x08005124    0x40  zero_init3.o [5]
  .text              ro code  0x08005164    0x38  packbits_init_single.o [5]
  .text              ro code  0x0800519c    0x30  stm32f4xx_it.o [1]
  .text              ro code  0x080051cc    0x10  stm32f4xx_hal.o [1]
  .text              ro code  0x080051dc    0x28  data_init.o [5]
  .text              ro code  0x08005204    0x22  fpinit_M.o [4]
  .iar.init_table    const    0x08005228    0x20  - Linker created -
  .text              ro code  0x08005248    0x1e  cmain.o [5]
  .text              ro code  0x08005266     0x4  low_level_init.o [3]
  .text              ro code  0x0800526a     0x4  exit.o [3]
  .text              ro code  0x08005270     0xa  cexit.o [5]
  .text              ro code  0x0800527c    0x10  startup_stm32f411xe.o [1]
  .rodata            const    0x0800528c     0xc  main.o [1]
  .text              ro code  0x08005298     0xc  cstartup_M.o [5]
  .rodata            const    0x080052a4     0x8  system_stm32f4xx.o [1]
  .rodata            const    0x080052ac     0x6  xlocale_c.o [3]
  .text              ro code  0x080052b2     0x4  startup_stm32f411xe.o [1]
  .text              ro code  0x080052b6     0x4  startup_stm32f411xe.o [1]
  .text              ro code  0x080052ba     0x4  startup_stm32f411xe.o [1]
  .text              ro code  0x080052be     0x4  startup_stm32f411xe.o [1]
  .text              ro code  0x080052c2     0x4  startup_stm32f411xe.o [1]
  .text              ro code  0x080052c6     0x4  startup_stm32f411xe.o [1]
  .text              ro code  0x080052ca     0x4  startup_stm32f411xe.o [1]
  .text              ro code  0x080052ce     0x4  startup_stm32f411xe.o [1]
  .text              ro code  0x080052d2     0x4  startup_stm32f411xe.o [1]
  .text              ro code  0x080052d6     0x4  startup_stm32f411xe.o [1]
  .text              ro code  0x080052da     0x4  startup_stm32f411xe.o [1]
  .text              ro code  0x080052de     0x4  startup_stm32f411xe.o [1]
  .text              ro code  0x080052e2     0x4  startup_stm32f411xe.o [1]
  .text              ro code  0x080052e6     0x4  startup_stm32f411xe.o [1]
  .text              ro code  0x080052ea     0x4  startup_stm32f411xe.o [1]
  .text              ro code  0x080052ee     0x4  startup_stm32f411xe.o [1]
  .text              ro code  0x080052f2     0x4  startup_stm32f411xe.o [1]
  .text              ro code  0x080052f6     0x4  startup_stm32f411xe.o [1]
  .text              ro code  0x080052fa     0x4  startup_stm32f411xe.o [1]
  .text              ro code  0x080052fe     0x4  startup_stm32f411xe.o [1]
  .text              ro code  0x08005302     0x4  startup_stm32f411xe.o [1]
  .text              ro code  0x08005306     0x4  startup_stm32f411xe.o [1]
  .text              ro code  0x0800530a     0x4  startup_stm32f411xe.o [1]
  .text              ro code  0x0800530e     0x4  startup_stm32f411xe.o [1]
  .text              ro code  0x08005312     0x4  startup_stm32f411xe.o [1]
  .text              ro code  0x08005316     0x4  startup_stm32f411xe.o [1]
  .text              ro code  0x0800531a     0x4  startup_stm32f411xe.o [1]
  .text              ro code  0x0800531e     0x4  startup_stm32f411xe.o [1]
  .text              ro code  0x08005322     0x4  startup_stm32f411xe.o [1]
  .text              ro code  0x08005326     0x4  startup_stm32f411xe.o [1]
  .text              ro code  0x0800532a     0x4  startup_stm32f411xe.o [1]
  .text              ro code  0x0800532e     0x4  startup_stm32f411xe.o [1]
  .text              ro code  0x08005332     0x4  startup_stm32f411xe.o [1]
  .text              ro code  0x08005336     0x4  startup_stm32f411xe.o [1]
  .text              ro code  0x0800533a     0x4  startup_stm32f411xe.o [1]
  .text              ro code  0x0800533e     0x4  startup_stm32f411xe.o [1]
  .text              ro code  0x08005342     0x4  startup_stm32f411xe.o [1]
  .text              ro code  0x08005346     0x4  startup_stm32f411xe.o [1]
  .text              ro code  0x0800534a     0x4  startup_stm32f411xe.o [1]
  .text              ro code  0x0800534e     0x4  startup_stm32f411xe.o [1]
  .text              ro code  0x08005352     0x4  startup_stm32f411xe.o [1]
  .text              ro code  0x08005356     0x4  startup_stm32f411xe.o [1]
  .text              ro code  0x0800535a     0x4  startup_stm32f411xe.o [1]
  .text              ro code  0x0800535e     0x4  startup_stm32f411xe.o [1]
  .text              ro code  0x08005362     0x4  startup_stm32f411xe.o [1]
  .text              ro code  0x08005366     0x4  startup_stm32f411xe.o [1]
  .text              ro code  0x0800536a     0x4  startup_stm32f411xe.o [1]
  .text              ro code  0x0800536e     0x4  startup_stm32f411xe.o [1]
  .text              ro code  0x08005372     0x4  startup_stm32f411xe.o [1]
  .text              ro code  0x08005376     0x4  startup_stm32f411xe.o [1]
  .text              ro code  0x0800537a     0x4  startup_stm32f411xe.o [1]
  .text              ro code  0x0800537e     0x4  startup_stm32f411xe.o [1]
  .text              ro code  0x08005382     0x4  startup_stm32f411xe.o [1]
  .text              ro code  0x08005386     0x4  startup_stm32f411xe.o [1]
  .text              ro code  0x0800538a     0x4  startup_stm32f411xe.o [1]
  .rodata            const    0x0800538e     0x0  zero_init3.o [5]
  .rodata            const    0x0800538e     0x0  packbits_init_single.o [5]
  Initializer bytes  const    0x0800538e    0x71  <for P2-1>
                            - 0x080053ff  0x5267

"P2", part 1 of 3:                         0x240
  P2-1                        0x20000000   0x240  <Init block>
    .data            inited   0x20000000     0x8  lcd_i2cModule.o [1]
    .data            inited   0x20000008   0x19c  lcd_i2cModule.o [1]
    .data            inited   0x200001a4     0xc  port.o [1]
    .data            inited   0x200001b0     0xc  stm32f4xx_hal.o [1]
    .data            inited   0x200001bc     0x4  system_stm32f4xx.o [1]
    .data            inited   0x200001c0    0x38  xlocale_c.o [3]
    .data            inited   0x200001f8    0x48  xlocale_c.o [3]
                            - 0x20000240   0x240

"P2", part 2 of 3:                        0x4acc
  .bss               zero     0x20000240  0x3c18  heap_4.o [1]
  .bss               zero     0x20003e58   0x460  tasks.o [1]
  .bss               zero     0x200042b8   0x45c  cmsis_os2.o [1]
  .bss               zero     0x20004714   0x25c  cmsis_os2.o [1]
  .bss               zero     0x20004970   0x12c  timers.o [1]
  .bss               zero     0x20004a9c    0x9c  tasks.o [1]
  .bss               zero     0x20004b38    0x98  main.o [1]
  .bss               zero     0x20004bd0    0x54  lcd_i2cModule.o [1]
  .bss               zero     0x20004c24    0x54  lcdI2c.o [1]
  .bss               zero     0x20004c78    0x40  queue.o [1]
  .bss               zero     0x20004cb8    0x40  ultraSonic.o [1]
  .bss               zero     0x20004cf8     0x8  ultraSonic.o [1]
  .bss               zero     0x20004d00     0x4  cmsis_os2.o [1]
  .bss               zero     0x20004d04     0x4  ultraSonic.o [1]
  .bss               zero     0x20004d08     0x4  xfail_s.o [3]
                            - 0x20004d0c  0x4acc

"P2", part 3 of 3:                         0x400
  CSTACK                      0x20004d10   0x400  <Block>
    CSTACK           uninit   0x20004d10   0x400  <Block tail>
                            - 0x20005110   0x400


*******************************************************************************
*** INIT TABLE
***

          Address     Size
          -------     ----
Zero (__iar_zero_init3)
    1 destination range, total size 0x4acc:
          0x20000240  0x4acc

Copy/packbits (__iar_packbits_init_single3)
    1 source range, total size 0x71 (19% of destination):
          0x0800538e    0x71
    1 destination range, total size 0x240:
          0x20000000   0x240



*******************************************************************************
*** MODULE SUMMARY
***

    Module                  ro code  ro data  rw data
    ------                  -------  -------  -------
G:\stm32\myCode\f411Disc\projectAcleroGyroMag\EWARM\projectAcleroGyroMag\Obj: [1]
    accelero.o                   24
    cmsis_os2.o                 428             1 724
    heap_4.o                    436            15 384
    lcdI2c.o                    128                84
    lcd_i2cModule.o             516       82      504
    list.o                      144
    main.o                      848       12      152
    port.o                      516        2       12
    portasm.o                   176
    queue.o                   1 416                64
    startup_stm32f411xe.o       644
    stm32f4xx_hal.o             184        3       12
    stm32f4xx_hal_cortex.o      176
    stm32f4xx_hal_gpio.o        496
    stm32f4xx_hal_i2c.o       1 568
    stm32f4xx_hal_msp.o         468
    stm32f4xx_hal_rcc.o       1 168
    stm32f4xx_hal_tim.o         252
    stm32f4xx_hal_uart.o        786
    stm32f4xx_it.o               48
    system_stm32f4xx.o           96        8        4
    tasks.o                   1 872             1 276
    timers.o                    828               300
    ultraSonic.o                296                76
    -------------------------------------------------
    Total:                   13 514      107   19 592

command line: [2]
    -------------------------------------------------
    Total:

dl7M_tlf.a: [3]
    abort.o                       6
    exit.o                        4
    low_level_init.o              4
    sprintf.o                    64
    xencoding_8859_1.o           30
    xfail_s.o                    64                 4
    xlocale_c.o                 116       32      128
    xmbcurmax.o                  10
    xprintffull.o             3 990
    xsprout.o                    10
    -------------------------------------------------
    Total:                    4 298       32      132

m7M_tls.a: [4]
    DblAdd.o                    360
    DblCmpGe.o                   46
    DblCmpLe.o                   46
    DblDiv.o                    582
    DblMul.o                    418
    DblSub.o                    226
    DblToS32.o                   58
    DblToU32.o                   40
    S32ToDbl.o                   34
    U32ToDbl.o                   26
    fpinit_M.o                   34
    frexp.o                     112
    ldexp.o                     314
    -------------------------------------------------
    Total:                    2 296

rt7M_tl.a: [5]
    ABImemclr4.o                  6
    ABImemcpy.o                 166
    ABImemset48.o                58
    I64DivMod.o                 558
    I64DivZer.o                   2
    cexit.o                      10
    cmain.o                      30
    cstartup_M.o                 12
    data_init.o                  40
    memchr.o                     88
    packbits_init_single.o       56
    strchr.o                     22
    strlen.o                     54
    zero_init3.o                 64
    -------------------------------------------------
    Total:                    1 166

shb_l.a: [6]
    exit.o                       20
    -------------------------------------------------
    Total:                       20

    Gaps                         36        2
    Linker created                        32    1 024
-----------------------------------------------------
    Grand Total:             21 330      173   20 748


*******************************************************************************
*** ENTRY LIST
***

Entry                      Address    Size  Type      Object
-----                      -------    ----  ----      ------
.iar.init_table$$Base   0x08005228           --   Gb  - Linker created -
.iar.init_table$$Limit  0x08005248           --   Gb  - Linker created -
?main                   0x08005249          Code  Gb  cmain.o [5]
AHBPrescTable           0x08005114    0x10  Data  Gb  system_stm32f4xx.o [1]
APBPrescTable           0x080052a4     0x8  Data  Gb  system_stm32f4xx.o [1]
BusFault_Handler        0x080051a3     0x2  Code  Gb  stm32f4xx_it.o [1]
CSTACK$$Base            0x20004d10           --   Gb  - Linker created -
CSTACK$$Limit           0x20005110           --   Gb  - Linker created -
CacheMore               0x08001151    0x24  Code  Lc  xlocale_c.o [3]
Cursor_Data             0x08004f40    0x20  Data  Lc  lcd_i2cModule.o [1]
DebugMon_Handler        0x080051a7     0x2  Code  Gb  stm32f4xx_it.o [1]
EXTI4_IRQHandler        0x080051c1     0x6  Code  Gb  stm32f4xx_it.o [1]
EXTI9_5_IRQHandler      0x080051c7     0x6  Code  Gb  stm32f4xx_it.o [1]
Error_Handler           0x08004557     0x2  Code  Gb  main.o [1]
HAL_Delay               0x08004f61    0x28  Code  Wk  stm32f4xx_hal.o [1]
HAL_GPIO_EXTI_Callback  0x08004215    0x14  Code  Gb  accelero.o [1]
HAL_GPIO_EXTI_IRQHandler
                        0x0800419f    0x10  Code  Gb  stm32f4xx_hal_gpio.o [1]
HAL_GPIO_Init           0x08003fe5   0x194  Code  Gb  stm32f4xx_hal_gpio.o [1]
HAL_GPIO_ReadPin        0x08004179     0xc  Code  Gb  stm32f4xx_hal_gpio.o [1]
HAL_GPIO_TogglePin      0x0800418d     0xc  Code  Gb  stm32f4xx_hal_gpio.o [1]
HAL_GPIO_WritePin       0x08004185     0x8  Code  Gb  stm32f4xx_hal_gpio.o [1]
HAL_GetTick             0x08003f21     0xc  Code  Wk  stm32f4xx_hal.o [1]
HAL_I2C_Init            0x0800358d   0x110  Code  Gb  stm32f4xx_hal_i2c.o [1]
HAL_I2C_IsDeviceReady   0x08003889   0x10e  Code  Gb  stm32f4xx_hal_i2c.o [1]
HAL_I2C_Master_Transmit
                        0x080036b9   0x12a  Code  Gb  stm32f4xx_hal_i2c.o [1]
HAL_I2C_MspInit         0x08003be9    0xd0  Code  Gb  stm32f4xx_hal_msp.o [1]
HAL_IncTick             0x080051cd    0x10  Code  Wk  stm32f4xx_hal.o [1]
HAL_Init                0x0800457d    0x30  Code  Gb  stm32f4xx_hal.o [1]
HAL_InitTick            0x080041d5    0x40  Code  Wk  stm32f4xx_hal.o [1]
HAL_MspInit             0x08003bad    0x3c  Code  Gb  stm32f4xx_hal_msp.o [1]
HAL_NVIC_SetPriority    0x08003f65    0x3a  Code  Gb  stm32f4xx_hal_cortex.o [1]
HAL_NVIC_SetPriorityGrouping
                        0x08003f4b    0x1a  Code  Gb  stm32f4xx_hal_cortex.o [1]
HAL_RCC_ClockConfig     0x08003d81    0xfe  Code  Gb  stm32f4xx_hal_rcc.o [1]
HAL_RCC_GetPCLK1Freq    0x08003e8b    0x10  Code  Gb  stm32f4xx_hal_rcc.o [1]
HAL_RCC_GetPCLK2Freq    0x08003e9b     0xe  Code  Gb  stm32f4xx_hal_rcc.o [1]
HAL_RCC_OscConfig       0x08004a6d   0x2f0  Code  Wk  stm32f4xx_hal_rcc.o [1]
HAL_SYSTICK_Config      0x08003f9f    0x28  Code  Gb  stm32f4xx_hal_cortex.o [1]
HAL_TIM_Base_Init       0x08004fc9    0x1a  Code  Gb  stm32f4xx_hal_tim.o [1]
HAL_TIM_Base_MspInit    0x08003cd1    0x26  Code  Gb  stm32f4xx_hal_msp.o [1]
HAL_TIM_Base_Start      0x08004fe3    0x24  Code  Gb  stm32f4xx_hal_tim.o [1]
HAL_UART_Init           0x080045b1    0x1e  Code  Gb  stm32f4xx_hal_uart.o [1]
HAL_UART_MspInit        0x08003cf7    0x64  Code  Gb  stm32f4xx_hal_msp.o [1]
HAL_UART_Transmit       0x08004629    0xaa  Code  Gb  stm32f4xx_hal_uart.o [1]
HardFault_Handler       0x0800519f     0x2  Code  Gb  stm32f4xx_it.o [1]
I2C_IsAcknowledgeFailed
                        0x08003b7d    0x30  Code  Lc  stm32f4xx_hal_i2c.o [1]
I2C_WaitOnBTFFlagUntilTimeout
                        0x08003b27    0x38  Code  Lc  stm32f4xx_hal_i2c.o [1]
I2C_WaitOnFlagUntilTimeout
                        0x08003a07    0x5c  Code  Lc  stm32f4xx_hal_i2c.o [1]
I2C_WaitOnMasterAddressFlagUntilTimeout
                        0x08003a63    0x78  Code  Lc  stm32f4xx_hal_i2c.o [1]
I2C_WaitOnTXEFlagUntilTimeout
                        0x08003aef    0x38  Code  Lc  stm32f4xx_hal_i2c.o [1]
Idle_Stack              0x20004770   0x200  Data  Lc  cmsis_os2.o [1]
Idle_TCB                0x20004714    0x5c  Data  Lc  cmsis_os2.o [1]
KernelState             0x20004d00     0x4  Data  Lc  cmsis_os2.o [1]
LCD_BackLight           0x08004ed3    0x12  Code  Gb  lcd_i2cModule.o [1]
LCD_Clear               0x08004ded    0x1a  Code  Gb  lcd_i2cModule.o [1]
LCD_Init                0x08004ef9    0x46  Code  Gb  lcd_i2cModule.o [1]
LCD_Send_String         0x08004e2d    0xa6  Code  Gb  lcd_i2cModule.o [1]
LCD_Send_String::buffer
                        0x20000014   0x190  Data  Lc  lcd_i2cModule.o [1]
LCD_Send_String::c      0x20000010     0x4  Data  Lc  lcd_i2cModule.o [1]
LCD_Send_String::ch_len
                        0x2000000a     0x1  Data  Lc  lcd_i2cModule.o [1]
LCD_Send_String::i      0x2000000c     0x4  Data  Lc  lcd_i2cModule.o [1]
LCD_SetCursor           0x08004e09    0x24  Code  Gb  lcd_i2cModule.o [1]
LCD_Set_Command         0x08004d87    0x16  Code  Gb  lcd_i2cModule.o [1]
LCD_Write_Data          0x08004d9d    0x1c  Code  Gb  lcd_i2cModule.o [1]
LCD_i2cDeviceCheck      0x08004d5d    0x2a  Code  Gb  lcd_i2cModule.o [1]
LoadInt                 0x08000387    0x7a  Code  Lc  xprintffull.o [3]
MX_GPIO_Init            0x08004337   0x17e  Code  Lc  main.o [1]
MemManage_Handler       0x080051a1     0x2  Code  Gb  stm32f4xx_it.o [1]
NMI_Handler             0x0800519d     0x2  Code  Gb  stm32f4xx_it.o [1]
PendSV_Handler          0x08002f55          Code  Gb  portasm.o [1]
Region$$Table$$Base     0x08005228           --   Gb  - Linker created -
Region$$Table$$Limit    0x08005248           --   Gb  - Linker created -
SVC_Handler             0x08002fad          Code  Gb  portasm.o [1]
StartDefaultTask        0x0800454d     0xa  Code  Gb  main.o [1]
SysTick_Handler         0x080051a9    0x18  Code  Gb  stm32f4xx_it.o [1]
SystemClock_Config      0x080042a7    0x90  Code  Gb  main.o [1]
SystemCoreClock         0x200001bc     0x4  Data  Gb  system_stm32f4xx.o [1]
SystemInit              0x080050c5    0x3a  Code  Gb  system_stm32f4xx.o [1]
TIM_Base_SetConfig      0x0800502b    0x7a  Code  Gb  stm32f4xx_hal_tim.o [1]
Timer_Stack             0x20004314   0x400  Data  Lc  cmsis_os2.o [1]
Timer_TCB               0x200042b8    0x5c  Data  Lc  cmsis_os2.o [1]
UART_SetConfig          0x0800473f   0x13a  Code  Lc  stm32f4xx_hal_uart.o [1]
UART_WaitOnFlagUntilTimeout
                        0x080046db    0x56  Code  Lc  stm32f4xx_hal_uart.o [1]
UsageFault_Handler      0x080051a5     0x2  Code  Gb  stm32f4xx_it.o [1]
_Encoding_8859_1_Mbrlen
                        0x08001141     0x2  Code  Gb  xencoding_8859_1.o [3]
_Encoding_8859_1_Wctomb
                        0x0800112f    0x12  Code  Gb  xencoding_8859_1.o [3]
_GenldFull              0x08000e09   0x274  Code  Lc  xprintffull.o [3]
_LdtobFull              0x080009dd   0x3fe  Code  Lc  xprintffull.o [3]
_LitobFull              0x08000885   0x112  Code  Lc  xprintffull.o [3]
_Locale_lconv           0x200001c0    0x38  Data  Lc  xlocale_c.o [3]
_PrintfFull             0x08000199   0x1d6  Code  Gb  xprintffull.o [3]
_PutcharsFull           0x0800107d    0x2e  Code  Lc  xprintffull.o [3]
_PutfldFull             0x08000401   0x2d0  Code  Lc  xprintffull.o [3]
_PutstrFull             0x080007c7    0xbe  Code  Lc  xprintffull.o [3]
_PuttxtFull             0x080006d1    0xf6  Code  Lc  xprintffull.o [3]
_SProut                 0x080011d7     0xa  Code  Gb  xsprout.o [3]
__NVIC_SetPriority      0x08003f2d    0x1e  Code  Lc  stm32f4xx_hal_cortex.o [1]
__aeabi_cdcmple         0x080017a9          Code  Gb  DblCmpLe.o [4]
__aeabi_cdrcmple        0x080017d9          Code  Gb  DblCmpGe.o [4]
__aeabi_d2iz            0x08001945          Code  Gb  DblToS32.o [4]
__aeabi_d2uiz           0x08001cd1          Code  Gb  DblToU32.o [4]
__aeabi_ddiv            0x08001a89          Code  Gb  DblDiv.o [4]
__aeabi_dmul            0x08001595          Code  Gb  DblMul.o [4]
__aeabi_dsub            0x080019a5          Code  Gb  DblSub.o [4]
__aeabi_i2d             0x08001981          Code  Gb  S32ToDbl.o [4]
__aeabi_ldiv0           0x08001d19          Code  Gb  I64DivZer.o [5]
__aeabi_memclr4         0x08003fdd          Code  Gb  ABImemclr4.o [5]
__aeabi_memcpy          0x080012bd          Code  Gb  ABImemcpy.o [5]
__aeabi_memcpy4         0x080012dd          Code  Gb  ABImemcpy.o [5]
__aeabi_memcpy8         0x080012dd          Code  Gb  ABImemcpy.o [5]
__aeabi_memset4         0x0800279d          Code  Gb  ABImemset48.o [5]
__aeabi_memset8         0x0800279d          Code  Gb  ABImemset48.o [5]
__aeabi_ui2d            0x08001cf9          Code  Gb  U32ToDbl.o [4]
__aeabi_uldivmod        0x08001365          Code  Gb  I64DivMod.o [5]
__cmain                 0x08005249          Code  Gb  cmain.o [5]
__exit                  0x08001e85    0x14  Code  Gb  exit.o [6]
__iar_Fail_s            0x080011e1    0x1c  Code  Gb  xfail_s.o [3]
__iar_Mbcurmax          0x080012b1     0xa  Code  Gb  xmbcurmax.o [3]
__iar_Memchr            0x08001259          Code  Gb  memchr.o [5]
__iar_Memset4_word      0x080027a5          Code  Gb  ABImemset48.o [5]
__iar_Memset8_word      0x080027a5          Code  Gb  ABImemset48.o [5]
__iar_Strchr            0x080011c1          Code  Gb  strchr.o [5]
__iar_dadd              0x080019b5          Code  Gb  DblSub.o [4]
__iar_data_init3        0x080051dd    0x28  Code  Gb  data_init.o [5]
__iar_dsub              0x08001d1d          Code  Gb  DblAdd.o [4]
__iar_dsubStart         0x08001d2f          Code  Gb  DblAdd.o [4]
__iar_frexp             0x08001745          Code  Gb  frexp.o [4]
__iar_frexpl            0x08001745          Code  Gb  frexp.o [4]
__iar_globLocale        0x200001f8    0x48  Data  Lc  xlocale_c.o [3]
__iar_global_Locale     0x0800114d     0x4  Code  Gb  xlocale_c.o [3]
__iar_init_vfp          0x08005205          Code  Gb  fpinit_M.o [4]
__iar_ldexp64           0x08001809          Code  Gb  ldexp.o [4]
__iar_packbits_init_single3
                        0x08005165    0x38  Code  Gb  packbits_init_single.o [5]
__iar_program_start     0x08005299          Code  Gb  cstartup_M.o [5]
__iar_scalbln64         0x08001809          Code  Gb  ldexp.o [4]
__iar_scalbn64          0x08001809          Code  Gb  ldexp.o [4]
__iar_softfp___iar_frexp64
                        0x08001739          Code  Gb  frexp.o [4]
__iar_softfp_frexp      0x08001739          Code  Gb  frexp.o [4]
__iar_softfp_frexpl     0x08001739          Code  Gb  frexp.o [4]
__iar_systems$$module {Abs}
                        0x00000001          Data  Gb  command line/config [2]
__iar_zero_init3        0x08005125    0x40  Code  Gb  zero_init3.o [5]
__low_level_init        0x08005267     0x4  Code  Gb  low_level_init.o [3]
__vector_table          0x08000000          Data  Gb  startup_stm32f411xe.o [1]
_call_main              0x08005255          Code  Gb  cmain.o [5]
_exit                   0x08005271          Code  Gb  cexit.o [5]
_gLocale_mblen          0x080011ad     0x4  Code  Gb  xlocale_c.o [3]
_gLocale_mblenInt       0x08001175    0x34  Code  Gb  xlocale_c.o [3]
_gLocale_wctomb         0x080011b1     0x4  Code  Gb  xlocale_c.o [3]
_gLocale_wctombInt      0x080011a9     0x4  Code  Gb  xlocale_c.o [3]
_main                   0x08005263          Code  Gb  cmain.o [5]
abort                   0x08001d13     0x6  Code  Gb  abort.o [3]
data                    0x20000000     0x4  Data  Lc  lcd_i2cModule.o [1]
data_BL                 0x20000007     0x1  Data  Lc  lcd_i2cModule.o [1]
data_L                  0x20000006     0x1  Data  Lc  lcd_i2cModule.o [1]
data_M                  0x20000005     0x1  Data  Lc  lcd_i2cModule.o [1]
defaultTaskHandle       0x20004bcc     0x4  Data  Gb  main.o [1]
defaultTask_attributes  0x08004558    0x24  Data  Gb  main.o [1]
delayUs                 0x08004a21    0x1c  Code  Gb  ultraSonic.o [1]
distance                0x20004cfc     0x4  Data  Gb  ultraSonic.o [1]
exit                    0x0800526b     0x4  Code  Gb  exit.o [3]
hcsr04_read             0x08004991    0x4c  Code  Gb  ultraSonic.o [1]
hi2c1                   0x20004b38    0x54  Data  Gb  main.o [1]
hi2c3                   0x20004c24    0x54  Data  Gb  lcdI2c.o [1]
hi2cx                   0x20004bd0    0x54  Data  Gb  lcd_i2cModule.o [1]
htim5                   0x20004cb8    0x40  Data  Gb  ultraSonic.o [1]
huart2                  0x20004b8c    0x40  Data  Gb  main.o [1]
i2cDeviceAddr           0x20000004     0x1  Data  Gb  lcd_i2cModule.o [1]
initTim5                0x080049e7    0x3a  Code  Gb  ultraSonic.o [1]
initUltraSonic          0x08004945    0x4c  Code  Gb  ultraSonic.o [1]
lcdInit                 0x080048c5    0x6a  Code  Gb  lcdI2c.o [1]
ldexp                   0x08001809          Code  Gb  ldexp.o [4]
ldexpl                  0x08001809          Code  Gb  ldexp.o [4]
line_pos                0x20000008     0x1  Data  Lc  lcd_i2cModule.o [1]
localeconv              0x080011b5     0x4  Code  Gb  xlocale_c.o [3]
main                    0x0800422d    0x7a  Code  Gb  main.o [1]
memchr                  0x08001259          Code  Gb  memchr.o [5]
osDelay                 0x08002b9b    0x2e  Code  Gb  cmsis_os2.o [1]
osKernelInitialize      0x08002a6d    0x2c  Code  Gb  cmsis_os2.o [1]
osKernelStart           0x08002aa1    0x36  Code  Gb  cmsis_os2.o [1]
osThreadNew             0x08002ae3    0xb2  Code  Gb  cmsis_os2.o [1]
prvAddCurrentTaskToDelayedList
                        0x0800257f    0x4e  Code  Lc  tasks.o [1]
prvAddNewTaskToReadyList
                        0x08001fdd    0xb0  Code  Lc  tasks.o [1]
prvCheckForValidListAndQueue
                        0x08002eed    0x4e  Code  Lc  timers.o [1]
prvCheckForValidListAndQueue{1}{2}{3}{4}::ucStaticTimerQueueStorage
                        0x200049fc    0xa0  Data  Lc  timers.o [1]
prvCheckForValidListAndQueue{1}{2}{3}{4}::xStaticTimerQueue
                        0x200049ac    0x50  Data  Lc  timers.o [1]
prvCopyDataFromQueue    0x08003479    0x28  Code  Lc  queue.o [1]
prvCopyDataToQueue      0x08003411    0x68  Code  Lc  queue.o [1]
prvDeleteTCB            0x08002489    0x2a  Code  Lc  tasks.o [1]
prvIdleTask             0x08002439    0x50  Code  Lc  tasks.o [1]
prvInitialiseNewQueue   0x080030d9    0x1e  Code  Lc  queue.o [1]
prvInitialiseNewTask    0x08001f51    0x8c  Code  Lc  tasks.o [1]
prvInsertBlockIntoFreeList
                        0x0800274f    0x46  Code  Lc  heap_4.o [1]
prvInsertTimerInActiveList
                        0x08002deb    0x34  Code  Lc  timers.o [1]
prvIsQueueEmpty         0x08003505    0x16  Code  Lc  queue.o [1]
prvProcessReceivedCommands
                        0x08002e21    0xba  Code  Lc  timers.o [1]
prvProcessTimerOrBlockTask
                        0x08002cdf    0x94  Code  Lc  timers.o [1]
prvResetNextTaskUnblockTime
                        0x080024b3    0x1a  Code  Lc  tasks.o [1]
prvSampleTimeNow        0x08002d73    0x78  Code  Lc  timers.o [1]
prvSampleTimeNow::xLastTime
                        0x20004980     0x4  Data  Lc  timers.o [1]
prvTaskExitError        0x08002891    0x28  Code  Lc  port.o [1]
prvTimerTask            0x08002cc1    0x1e  Code  Lc  timers.o [1]
prvUnlockQueue          0x080034a1    0x64  Code  Lc  queue.o [1]
pvPortMalloc            0x080025e9   0x104  Code  Gb  heap_4.o [1]
pxCurrentTCB            0x20004ac4     0x4  Data  Gb  tasks.o [1]
pxCurrentTimerList      0x20004970     0x4  Data  Lc  timers.o [1]
pxDelayedTaskList       0x20004ac8     0x4  Data  Lc  tasks.o [1]
pxEnd                   0x20000248     0x4  Data  Lc  heap_4.o [1]
pxOverflowDelayedTaskList
                        0x20004acc     0x4  Data  Lc  tasks.o [1]
pxOverflowTimerList     0x20004974     0x4  Data  Lc  timers.o [1]
pxPortInitialiseStack   0x08002869    0x26  Code  Gb  port.o [1]
pxReadyTasksLists       0x20003e58   0x460  Data  Lc  tasks.o [1]
scalbln                 0x08001809          Code  Gb  ldexp.o [4]
scalblnl                0x08001809          Code  Gb  ldexp.o [4]
scalbn                  0x08001809          Code  Gb  ldexp.o [4]
scalbnl                 0x08001809          Code  Gb  ldexp.o [4]
scale                   0x08000997    0x46  Code  Lc  xprintffull.o [3]
sec_hand                0x20004d08     0x4  Data  Lc  xfail_s.o [3]
sensorTime              0x20004cf8     0x4  Data  Gb  ultraSonic.o [1]
sprintf                 0x08004f89    0x40  Code  Gb  sprintf.o [3]
str_len                 0x20000009     0x1  Data  Lc  lcd_i2cModule.o [1]
strchr                  0x080011c1          Code  Gb  strchr.o [5]
strlen                  0x08001221          Code  Gb  strlen.o [5]
time                    0x20004d04     0x4  Data  Gb  ultraSonic.o [1]
ucHeap                  0x20000258  0x3c00  Data  Lc  heap_4.o [1]
ucMaxSysCallPriority    0x200001a4     0x1  Data  Lc  port.o [1]
ulMaxPRIGROUPValue      0x200001ac     0x4  Data  Lc  port.o [1]
uwTick                  0x200001b4     0x4  Data  Gb  stm32f4xx_hal.o [1]
uwTickFreq              0x200001b0     0x1  Data  Gb  stm32f4xx_hal.o [1]
uwTickPrio              0x200001b8     0x4  Data  Gb  stm32f4xx_hal.o [1]
uxCriticalNesting       0x200001a8     0x4  Data  Lc  port.o [1]
uxCurrentNumberOfTasks  0x20004ae8     0x4  Data  Lc  tasks.o [1]
uxDeletedTasksWaitingCleanUp
                        0x20004ad0     0x4  Data  Lc  tasks.o [1]
uxListRemove            0x08002841    0x26  Code  Gb  list.o [1]
uxPendedTicks           0x20004af8     0x4  Data  Lc  tasks.o [1]
uxSchedulerSuspended    0x20004b0c     0x4  Data  Lc  tasks.o [1]
uxTaskNumber            0x20004b04     0x4  Data  Lc  tasks.o [1]
uxTopReadyPriority      0x20004af0     0x4  Data  Lc  tasks.o [1]
vApplicationGetIdleTaskMemory
                        0x08002beb    0x10  Code  Gb  cmsis_os2.o [1]
vApplicationGetTimerTaskMemory
                        0x08002bfb    0x12  Code  Gb  cmsis_os2.o [1]
vListInitialise         0x080027d7    0x1a  Code  Gb  list.o [1]
vListInitialiseItem     0x080027f1     0x6  Code  Gb  list.o [1]
vListInsert             0x0800280f    0x32  Code  Gb  list.o [1]
vListInsertEnd          0x080027f7    0x18  Code  Gb  list.o [1]
vPortEnableVFP          0x08002fe9          Code  Gb  portasm.o [1]
vPortEnterCritical      0x0800295d    0x32  Code  Gb  port.o [1]
vPortExitCritical       0x0800298f    0x22  Code  Gb  port.o [1]
vPortFree               0x080026fb    0x46  Code  Gb  heap_4.o [1]
vPortStartFirstTask     0x08002fc9          Code  Gb  portasm.o [1]
vPortValidateInterruptPriority
                        0x080029dd    0x42  Code  Gb  port.o [1]
vQueueAddToRegistry     0x0800351b    0x20  Code  Gb  queue.o [1]
vQueueWaitForMessageRestricted
                        0x08003545    0x48  Code  Gb  queue.o [1]
vTaskDelay              0x0800208d    0x2e  Code  Gb  tasks.o [1]
vTaskInternalSetTimeOutState
                        0x080023c1     0xe  Code  Gb  tasks.o [1]
vTaskMissedYield        0x0800242d     0xa  Code  Gb  tasks.o [1]
vTaskPlaceOnEventList   0x08002303    0x1c  Code  Gb  tasks.o [1]
vTaskPlaceOnEventListRestricted
                        0x08002323    0x26  Code  Gb  tasks.o [1]
vTaskStartScheduler     0x080020cd    0x6e  Code  Gb  tasks.o [1]
vTaskSuspendAll         0x0800213b     0xc  Code  Gb  tasks.o [1]
vTaskSwitchContext      0x080022b3    0x50  Code  Gb  tasks.o [1]
xActiveTimerList1       0x20004984    0x14  Data  Lc  timers.o [1]
xActiveTimerList2       0x20004998    0x14  Data  Lc  timers.o [1]
xBlockAllocatedBit      0x20000254     0x4  Data  Lc  heap_4.o [1]
xDelayedTaskList1       0x20004b10    0x14  Data  Lc  tasks.o [1]
xDelayedTaskList2       0x20004b24    0x14  Data  Lc  tasks.o [1]
xFreeBytesRemaining     0x2000024c     0x4  Data  Lc  heap_4.o [1]
xMinimumEverFreeBytesRemaining
                        0x20000250     0x4  Data  Lc  heap_4.o [1]
xNextTaskUnblockTime    0x20004b08     0x4  Data  Lc  tasks.o [1]
xNumOfOverflows         0x20004b00     0x4  Data  Lc  tasks.o [1]
xPendingReadyList       0x20004a9c    0x14  Data  Lc  tasks.o [1]
xPortStartScheduler     0x080028b9    0xa4  Code  Gb  port.o [1]
xPortSysTickHandler     0x080029b1    0x1e  Code  Gb  port.o [1]
xQueueGenericCreateStatic
                        0x0800307d    0x5c  Code  Gb  queue.o [1]
xQueueGenericReset      0x08003005    0x78  Code  Gb  queue.o [1]
xQueueGenericSend       0x08003107   0x128  Code  Gb  queue.o [1]
xQueueGenericSendFromISR
                        0x08003237    0x8a  Code  Gb  queue.o [1]
xQueueReceive           0x080032d5    0xfc  Code  Gb  queue.o [1]
xQueueRegistry          0x20004c78    0x40  Data  Gb  queue.o [1]
xSchedulerRunning       0x20004af4     0x4  Data  Lc  tasks.o [1]
xStart                  0x20000240     0x8  Data  Lc  heap_4.o [1]
xSuspendedTaskList      0x20004ad4    0x14  Data  Lc  tasks.o [1]
xTaskCheckForTimeOut    0x080023cf    0x5e  Code  Gb  tasks.o [1]
xTaskCreate             0x08001ef5    0x5c  Code  Gb  tasks.o [1]
xTaskCreateStatic       0x08001e99    0x5c  Code  Gb  tasks.o [1]
xTaskGetSchedulerState  0x080024cd    0x18  Code  Gb  tasks.o [1]
xTaskGetTickCount       0x080021ef     0x8  Code  Gb  tasks.o [1]
xTaskIncrementTick      0x080021f7    0xbc  Code  Gb  tasks.o [1]
xTaskPriorityDisinherit
                        0x080024eb    0x5e  Code  Gb  tasks.o [1]
xTaskRemoveFromEventList
                        0x08002355    0x4a  Code  Gb  tasks.o [1]
xTaskResumeAll          0x08002147    0x98  Code  Gb  tasks.o [1]
xTasksWaitingTermination
                        0x20004ab0    0x14  Data  Lc  tasks.o [1]
xTickCount              0x20004aec     0x4  Data  Lc  tasks.o [1]
xTimerCreateTimerTask   0x08002c19    0x4c  Code  Gb  timers.o [1]
xTimerGenericCommand    0x08002c73    0x4e  Code  Gb  timers.o [1]
xTimerQueue             0x20004978     0x4  Data  Lc  timers.o [1]
xTimerTaskHandle        0x2000497c     0x4  Data  Lc  timers.o [1]
xYieldPending           0x20004afc     0x4  Data  Lc  tasks.o [1]


[1] = G:\stm32\myCode\f411Disc\projectAcleroGyroMag\EWARM\projectAcleroGyroMag\Obj
[2] = command line
[3] = dl7M_tlf.a
[4] = m7M_tls.a
[5] = rt7M_tl.a
[6] = shb_l.a

  21 330 bytes of readonly  code memory
     173 bytes of readonly  data memory
  20 748 bytes of readwrite data memory

Errors: none
Warnings: none
